(node:758) [DEP0040] DeprecationWarning: The `punycode` module is deprecated. Please use a userland alternative instead.
(Use `node --trace-deprecation ...` to show where the warning was created)
⚠  Unable to fetch the CLI MOTD and remote config. This is not a fatal error, but may indicate an issue with your network connection.
⚠  emulators: You are not currently authenticated so some features may not work correctly. Please run firebase login to authenticate the CLI.
(node:758) MetadataLookupWarning: received unexpected error = Request failed with status code 403 code = UNKNOWN
MetadataLookupWarning: received unexpected error = Request failed with status code 403 code = UNKNOWN
    at Object.isAvailable (/home/user/Wasatofficial-Shop-/node_modules/gcp-metadata/build/src/index.js:356:25)
    at process.processTicksAndRejections (node:internal/process/task_queues:103:5)
    at async GoogleAuth._checkIsGCE (/home/user/Wasatofficial-Shop-/node_modules/google-auth-library/build/src/auth/googleauth.js:300:51)
    at async GoogleAuth.getApplicationDefaultAsync (/home/user/Wasatofficial-Shop-/node_modules/google-auth-library/build/src/auth/googleauth.js:283:13)
    at async GoogleAuth._GoogleAuth_determineClient (/home/user/Wasatofficial-Shop-/node_modules/google-auth-library/build/src/auth/googleauth.js:834:32)
    at async GoogleAuth.getClient (/home/user/Wasatofficial-Shop-/node_modules/google-auth-library/build/src/auth/googleauth.js:698:20)
    at async GoogleAuth.getAccessToken (/home/user/Wasatofficial-Shop-/node_modules/google-auth-library/build/src/auth/googleauth.js:722:24)
    at async autoAuth (/home/user/Wasatofficial-Shop-/node_modules/firebase-tools/lib/requireAuth.js:38:19)
    at async requireAuth (/home/user/Wasatofficial-Shop-/node_modules/firebase-tools/lib/requireAuth.js:100:20)
    at async Object.beforeEmulatorCommand [as fn] (/home/user/Wasatofficial-Shop-/node_modules/firebase-tools/lib/emulator/commandUtils.js:115:13)
i  emulators: Starting emulators: auth, firestore
⚠  hub: Error when trying to check port 4400 on ::1: Error: listen EAFNOSUPPORT: address family not supported ::1:4400
⚠  hub: Port 4400 is available on 127.0.0.1 but not ::1. This may cause issues with some clients.
⚠  hub: If you encounter connectivity issues, consider switching to a different port or explicitly specifying "host": "<ip address>" instead of hostname in firebase.json
⚠  logging: Error when trying to check port 4500 on ::1: Error: listen EAFNOSUPPORT: address family not supported ::1:4500
⚠  logging: Port 4500 is available on 127.0.0.1 but not ::1. This may cause issues with some clients.
⚠  logging: If you encounter connectivity issues, consider switching to a different port or explicitly specifying "host": "<ip address>" instead of hostname in firebase.json
i  firestore: Firestore Emulator logging to firestore-debug.log
✔  firestore: Firestore Emulator was started in standard edition.
✔  firestore: Firestore Emulator UI websocket is running on 9150.
⚠  emulators: The Emulator UI is not starting because none of the running emulators have a UI component.

[90m┌─────────────────────────────────────────────────────────────┐[39m
[90m│[39m ✔  All emulators ready! It is now safe to connect your app. [90m│[39m
[90m└─────────────────────────────────────────────────────────────┘[39m

[90m┌────────────────[39m[90m┬────────────────┐[39m
[90m│[39m[33m Emulator       [39m[90m│[39m[33m Host:Port      [39m[90m│[39m
[90m├────────────────[39m[90m┼────────────────┤[39m
[90m│[39m Authentication [90m│[39m 127.0.0.1:9099 [90m│[39m
[90m├────────────────[39m[90m┼────────────────┤[39m
[90m│[39m Firestore      [90m│[39m 127.0.0.1:8080 [90m│[39m
[90m└────────────────[39m[90m┴────────────────┘[39m
  Emulator Hub host: 127.0.0.1 port: 4400
  Other reserved ports: 4500, 9150

Issues? Report them at https://github.com/firebase/firebase-tools/issues and attach the *-debug.log files.
 
 
i  emulators: Received SIGTERM for the first time. Starting a clean shutdown.
i  emulators: Please wait for a clean shutdown or send the SIGTERM signal again to stop right now.
i  emulators: Shutting down emulators.
i  firestore: Stopping Firestore Emulator
⚠  firestore: Fatal error occurred: 
   Firestore Emulator has exited with code: 143, 
   stopping all running emulators
i  firestore: Stopping Firestore Emulator
i  auth: Stopping Authentication Emulator
i  auth: Stopping Authentication Emulator
i  hub: Stopping emulator hub
i  hub: Stopping emulator hub
i  logging: Stopping Logging Emulator
i  logging: Stopping Logging Emulator
