STEP place order
  order placed: #/order-success Заказ № WS-06994589 успешно оформлен!
STEP success screen
  [shot] s2guest-1280/01-success.png
  buttons: ["Закрыть уведомление","Открыть меню","Wasat Shop","Каталог","Избранное","Корзина","Профиль","Назад","Отследить заказ в профиле"]
STEP come back later
  [shot] s2guest-1280/02-profile.png
  profile top: Профиль Личный кабинет Гость Заполните профиль, чтобы оформлять заказы быстрее Редактировать МОИ ЗАКАЗЫ Заказы и трекинг Активен Отслеживание, статус и детализация (1) Аккаунт Заказы, адреса и переписка сохраняются на всех ваших устройствах Войдите через Google, чтобы видеть историю заказов и перепи
STEP open orders
  [shot] s2guest-1280/03-orders.png
  orders dialog: История и трекинг заказов Все ваши заказы в одном месте Все заказы Активные Завершенные № WS-06994589 Принят 30 сент., 10:24 2 490 ₽ 1 тов. Прогресс доставки 20% Пункт выдачи Самовывоз Детали
  buttons: ["Открыть меню","Wasat Shop","Каталог","Избранное","Корзина","Профиль","Назад","Редактировать","Заказы и трекингАктивенОтслеживание, ста","Войти через Google","Управление (0)","Добавить адрес","Добавить новый адрес","Изменить","Закрыть","Все заказы","Активные","Завершенные","Написать в службу поддержки","Детали"]
STEP open order detail
  candidates: ["Детали"]
  [shot] s2guest-1280/04-order-detail.png
  after click: Заказ № WS-06994589 Трекинг Оформлен: 30 сент., 10:24 САМОВЫВОЗ ИЗ БУТИКА Пункт выдачи В бутике Пункт выдачи: Самовывоз: Флагманский бутик Wasat Shop (Москва-Сити), г. Москва, Пресненская наб., 12, ММДЦ «Москва-Сити», Башня Федерация Восток, 45 этаж, бутик 4502 (м. Деловой центр / Выставочная). Заказ выдается сотрудниками бутика без трек-номера. ТЕКУЩИЙ СТАТУС Принят 20% выполнено Ожидается: Через 1-2 дня Принят 2 Сборка 3 В пути 4 Готов 5 Вручен ЭТАПЫ ДОСТАВКИ Онлайн данные Заказ принят и подтвержден Магазин зарезервировал позиции для самовывоза 30 сент., 10:24 2 Скомплектован на складе Товары будут проверены контроллером качества и упакованы Ожидает сборки 3 Подготовка к отправке в пункт выдачи Заказ перемещается со склада в выбранный пункт выдачи Ожидает передачи 4 Доставка в пункт выдачи Адрес пункта выдачи: Самовывоз: Флагманский бутик Wasat Shop (Москва-Сити), г. Москва, Пресненска
  buttons: ["Открыть меню","Wasat Shop","Каталог","Избранное","Корзина","Профиль","Назад","Редактировать","Заказы и трекингАктивенОтслеживание, ста","Войти через Google","Управление (0)","Добавить адрес","Добавить новый адрес","Изменить","Закрыть","Все заказы","Активные","Завершенные","Написать в службу поддержки","Детали","Закрыть","Повторить заказ"]
STEP order detail bottom
  [shot] s2guest-1280/05-order-detail-bottom.png
  detail buttons: ["","Консьерж","Повторить заказ"]
STEP write to support from orders list
  found: 1
  [shot] s2guest-1280/06-chat-open.png
  chat: Служба заботы Отвечают сотрудники Wasat Shop, ответ придет сюда Диалог пуст Здесь пока нет сообщений. Напишите вопрос или прикрепите фото — сотрудник магазина ответит в этом чате. Подбор размера Где мой заказ Возврат и обмен
  prefilled input: ""
  [shot] s2guest-1280/07-chat-sent.png
  chat after send: Служба заботы Отвечают сотрудники Wasat Shop, ответ придет сюда Здравствуйте! Можно поменять размер в моем заказе на L? 07:24 Сообщение отправлено. Сотрудник ответит здесь — ответ сохранится в этом чате. Подбор размера Где мой заказ Возврат и обмен
  toasts: 
STEP reload keeps chat
  chat after reload: Служба заботы Отвечают сотрудники Wasat Shop, ответ придет сюда Здравствуйте! Можно поменять размер в моем заказе на L? 07:24 Сообщение отправлено. Сотрудник ответит здесь — ответ сохранится в этом чате. Подбор размера Где мой заказ Возврат и обмен
  [shot] s2guest-1280/08-chat-after-reload.png
pageerrors: none
console errors: none
