STEP panel open
  [shot] s3w-1280/01-panel.png
STEP new product form
  [shot] s3w-1280/02-products-tab.png
  form title: Новый товар каталога
  fields: ["Название товара **","ph:Или свой текст (например: -30% или ХИ [no label]","Категория [no label]","ph: [no label]","ph:Краткое описание преимуществ ткани и  [no label]","ph:напр. 2 990 [no label]*","ph:напр. 1 400 [no label]","ph:если есть [no label]","ph:Ссылка на фото (https://…) [no label]","ph:Новый цвет, напр. Хаки [no label]","Цвет в формате HEX [no label]","ph:Свой размер, напр. 56 [no label]"]
  [shot] s3w-1280/03-form-top.png
STEP try create empty
  create enabled: true
  toasts: 
  invalid: []
  [shot] s3w-1280/04-create-empty.png
STEP fill product
  filled /^Название/
  filled price
  category options: ["Пиджак","Футболка","Куртка","Брюки","Свитшот"]
  [shot] s3w-1280/05-filled-basics.png
  toasts after photos: 
  data-url images in form: [156487,156755] total chars=313242
  [shot] s3w-1280/06-photos.png
  fields now: ["Название товара **","ph:Или свой текст (например: -30% или ХИ [no label]","Категория [no label]","ph: [no label]","ph:Краткое описание преимуществ ткани и  [no label]","ph:напр. 2 990 [no label]*","ph:напр. 1 400 [no label]","ph:если есть [no label]","ph:Ссылка на фото (https://…) [no label]","ph:Новый цвет, напр. Хаки [no label]","Цвет в формате HEX [no label]","ph:Свой размер, напр. 56 [no label]"]
STEP sizes and stock
  around sizes: (0) Мин. 1 цвет + Цвет РАЗМЕРЫ ТОВАРА (0) Мин. 1 размер Сетка: XS S M L XL 2XL 3XL 46 48 50 52 54 + Размер ОСТАТКИ SKU (0) +5 +10 Обнулить Коды Нет вариаций SKU. Добавьте цвет и размер. Остаток 0 шт. Стоимость 0 ₽ Отмена Создать товар
  size buttons: 4
  after color enter: ЦВЕТА ТОВАРА (0) Мин. 1 цвет + Цвет РАЗМЕРЫ
  stock block: ОСТАТКИ SKU (2) +5 +10 Обнулить Коды Белый M WS-SH17-БЕЛ-M 2942891409310 шт. Белый L WS-SH17-БЕЛ-L 2942891409310 шт. Остаток 10 шт. Стоимость 34 900 ₽ Отмена Создать товар
  [shot] s3w-1280/07-sizes.png
STEP create
  toasts: Добавьте хотя бы один цвет для товара
  invalid: []
  [shot] s3w-1280/08-after-create.png
  dialogs open: ["Панель администратора"]
STEP labels
  [shot] s3w-1280/09-inventory.png
  inventory text: Панель администратора gunh83975@gmail.com Каталог, склад, заказы и витрина Продажи 10 , ждут внимания: 10 Каталог Маркетинг Магазин Товары Категории Склад и SKU Матрица остатков Инвентаризация Журнал движений (0) Оформить операцию ВСЕГО ЕДИНИЦ 231 шт. в 89 вариантах ПОРОГ ДЕФИЦИТА ≤ 3 шт. 2 3 5 порог предупреждения МАЛО НА СКЛАДЕ 51 вариант Пополнить все (+6 шт) НЕТ В НАЛИЧИИ 12 вариантов нулевой остаток Категория:Все категории 8 Статус остатка:Все позиции 89 По категориям По моделям Списком Развернуть все Свернуть все Выбрать все (89) Пиджак 3 модели · 24 варианта · 63 шт. мало: 14 нет: 3 Пид
  buttons: ["Закрыть уведомление","Открыть меню","Wasat Shop","Каталог","Избранное","Корзина","Профиль","Назад","Редактировать","Панель администратораМодули каталога, за","Заказы и трекингАктивенОтслеживание, ста","Принудительно синхронизировать все данны","Управление (0)","Добавить адрес","Добавить новый адрес","Закрыть","10Продажи10, ждут внимания: 10","Каталог","Маркетинг","Магазин","Товары","Категории","Склад и SKU","Матрица остатков","Инвентаризация","Журнал движений (0)","Оформить операцию","Порог дефицита 2 шт.","Порог дефицита 3 шт.","Порог дефицита 5 шт.","Пополнить все (+6 шт)","Категория","Статус остатка","По категориям","По моделям","Списком","Развернуть все","Свернуть все","Выбрать все (89)","Выбрать для этикеток всю категорию «Пидж","Пиджак3 модели · 24 варианта · 63 шт.мал","Выбрать для этикеток все варианты: Пиджа","Пиджак классический2 артикула · 6 вариан","Этикетки: Пиджак классический","Выбрать для этикеток все варианты: Рубаш","Рубашка льняная4 артикула · 16 вариантов","Этикетки: Рубашка льняная","Выбрать для этикеток все варианты: Рубаш","Рубашка оксфорд тест1 артикул · 2 вариан","Этикетки: Рубашка оксфорд тест","Выбрать для этикеток всю категорию «Футб","Футболка2 модели · 32 варианта · 89 шт.м","Поло классическое4 артикула · 20 вариант","Этикетки: Поло классическое"]
STEP refill-all has confirm?
  refill title: null
STEP select new product for labels
  [shot] s3w-1280/10-inv-search.png
  checkboxes: [null,"Выбрать для этикеток всю категорию «Пиджак»","Выбрать для этикеток все варианты: Рубашка оксфорд тест","Выбрать для этикеток: Рубашка оксфорд тест, Белый","Выбрать для этикеток: Рубашка оксфорд тест, Белый / M","Выбрать для этикеток: Рубашка оксфорд тест, Белый / L"]
  [shot] s3w-1280/11-inv-selected.png
  buttons: ["Этикетки (2)","Выбрать для этикеток всю категорию «Пидж","Выбрать для этикеток все варианты: Рубаш","Этикетки: Рубашка оксфорд тест","Выбрать для этикеток: Рубашка оксфорд те","Выбрать для этикеток: Рубашка оксфорд те","Этикетка","Выбрать для этикеток: Рубашка оксфорд те","Этикетка"]
  label buttons: ["Этикетки (2)","Этикетки","Этикетка","Этикетка"]
  [shot] s3w-1280/12-label-generator.png
  generator: Этикетки и штрихкоды Рубашка оксфорд тест · Белый / L ФОРМАТ ЭТИКЕТКИ Формат 58 × 40 58×40 мм ШАБЛОН Без размера Классический Минимал Ценник С размером и составом Размер и цена Карточка Бирка Акцент на цене и названии Витрина Цена и детали Премиум Скидка Скидка нет старой цены Цена Штрихкод ПРЕДПРОСМОТР 58×40 мм · Классический Закрыть Скачать PDF (1)
  pdf buttons: ["Скачать PDF (1)"]
  download: labels-58x40-2026-09-30.pdf toasts: Добавьте хотя бы один цвет для товара | PDF: 1 этикетка 58×40 мм
  [shot] s3w-1280/13-after-pdf.png
pageerrors: none
console errors: none
