
  VITE v8.3.1  ready in 3958 ms

  ➜  Local:   http://127.0.0.1:3100/
6:59:41 AM [vite] (client) [console.error] Firestore Error:  {"error":"PERMISSION_DENIED: \nfalse for 'create' @ L42, false for 'create' @ L51, false for 'update' @ L42, evaluation error at L54:24 for 'update' @ L54, false for 'update' @ L42, false for 'update' @ L54","authInfo":{"providerInfo":[]},"operationType":"write","path":"products/linen-shirt-01"}
6:59:41 AM [vite] (client) [Unhandled rejection] Error: {"error":"PERMISSION_DENIED: \nfalse for 'create' @ L42, false for 'create' @ L51, false for 'update' @ L42, evaluation error at L54:24 for 'update' @ L54, false for 'update' @ L42, false for 'update' @ L54","authInfo":{"providerInfo":[]},"operationType":"write","path":"products/linen-shirt-01"}
 > handleFirestoreError src/firebase.ts:161:8
    159 |    };
    160 |    console.error('Firestore Error: ', JSON.stringify(errInfo));
    161 |    throw new Error(JSON.stringify(errInfo));
        |          ^
    162 |  }
    163 |  
 > saveProductToFirestore src/utils/firebaseSync.ts:140:4
 > saveModifiedProductsToFirestore src/utils/firebaseSync.ts:147:4

7:00:43 AM [vite] (client) [console.error] Firestore Error:  {"error":"PERMISSION_DENIED: \nfalse for 'create' @ L42, false for 'create' @ L51, false for 'update' @ L42, evaluation error at L54:24 for 'update' @ L54, false for 'update' @ L42, false for 'update' @ L54","authInfo":{"providerInfo":[]},"operationType":"write","path":"products/linen-shirt-01"}
7:00:43 AM [vite] (client) [Unhandled rejection] Error: {"error":"PERMISSION_DENIED: \nfalse for 'create' @ L42, false for 'create' @ L51, false for 'update' @ L42, evaluation error at L54:24 for 'update' @ L54, false for 'update' @ L42, false for 'update' @ L54","authInfo":{"providerInfo":[]},"operationType":"write","path":"products/linen-shirt-01"}
 > handleFirestoreError src/firebase.ts:161:8
    159 |    };
    160 |    console.error('Firestore Error: ', JSON.stringify(errInfo));
    161 |    throw new Error(JSON.stringify(errInfo));
        |          ^
    162 |  }
    163 |  
 > saveProductToFirestore src/utils/firebaseSync.ts:140:4
 > saveModifiedProductsToFirestore src/utils/firebaseSync.ts:147:4

7:01:15 AM [vite] (client) [console.error] Firestore Error:  {"error":"PERMISSION_DENIED: \nfalse for 'create' @ L42, false for 'create' @ L51, false for 'update' @ L42, evaluation error at L54:24 for 'update' @ L54, false for 'update' @ L42, false for 'update' @ L54","authInfo":{"providerInfo":[]},"operationType":"write","path":"products/linen-shirt-01"}
7:01:15 AM [vite] (client) [Unhandled rejection] Error: {"error":"PERMISSION_DENIED: \nfalse for 'create' @ L42, false for 'create' @ L51, false for 'update' @ L42, evaluation error at L54:24 for 'update' @ L54, false for 'update' @ L42, false for 'update' @ L54","authInfo":{"providerInfo":[]},"operationType":"write","path":"products/linen-shirt-01"}
 > handleFirestoreError src/firebase.ts:161:8
    159 |    };
    160 |    console.error('Firestore Error: ', JSON.stringify(errInfo));
    161 |    throw new Error(JSON.stringify(errInfo));
        |          ^
    162 |  }
    163 |  
 > saveProductToFirestore src/utils/firebaseSync.ts:140:4
 > saveModifiedProductsToFirestore src/utils/firebaseSync.ts:147:4

7:09:29 AM [vite] (client) [console.error] Firestore Error:  {"error":"INVALID_ARGUMENT: maximum entity size is 1048576 bytes","authInfo":{"userId":"yAde6SPuNJhEbFUMEfAalQFd27Pn","email":"gunh83975@gmail.com","emailVerified":true,"isAnonymous":false,"tenantId":null,"providerInfo":[{"providerId":"google.com","email":"gunh83975@gmail.com"}]},"operationType":"write","path":"products"}
7:09:29 AM [vite] (client) [console.error] Не сохранено: товары Error: {"error":"INVALID_ARGUMENT: maximum entity size is 1048576 bytes","authInfo":{"userId":"yAde6SPuNJhEbFUMEfAalQFd27Pn","email":"gunh83975@gmail.com","emailVerified":true,"isAnonymous":false,"tenantId":null,"providerInfo":[{"providerId":"google.com","email":"gunh83975@gmail.com"}]},"operationType":"write","path":"products"}
    at handleFirestoreError (http://127.0.0.1:3100/src/firebase.ts:114:8)
    at syncAllProductsToFirestore (http://127.0.0.1:3100/src/utils/firebaseSync.ts:115:3)
    at async Promise.all (index 1)
